// Jest Snapshot v1, https://goo.gl/fbAQLP

exports[`Settings component matches snapshot 1`] = `
<div
  className="Settings__Wrapper-iXFqbq jshSii"
  style={
    Object {
      "height": "45px",
    }
  }
>
  <a
    className="Settings__SettingsHeader-hbrDNs hKQuKk"
    href="#"
    onClick={[MockFunction]}
  >
    <label
      className="Settings__Label-bIhYmz iPSgUQ"
    >
      Form Settings
    </label>
    <div
      style={
        Object {
          "transform": "rotate(0deg)",
        }
      }
    >
      <i
        className="ion-arrow-down-b"
      />
    </div>
  </a>
  <div
    className="Settings__Helper-cagYXW jnzDbx"
  >
    <p>
      Toogle any field to make it required in the form.
    </p>
  </div>
  <div
    className="Settings__AllSettings-hAEgKd cLFeXF"
  >
    <div
      className="Settings__Setting-iSwZaF jiKDp"
    >
      <label
        className="Settings__Label-bIhYmz iPSgUQ"
      >
        Due Date
      </label>
      <label
        className="Switch__SwitchStyle-cIZUZy lcgmHp"
      >
        <input
          checked={false}
          className="Switch__Input-jIJATX kGoGgc"
          name="dueDate"
          onChange={[Function]}
          type="checkbox"
        />
        <span
          className="Switch__Slider-iwwTvI egztuK"
        />
      </label>
    </div>
    <div
      className="Settings__Setting-iSwZaF jiKDp"
    >
      <label
        className="Settings__Label-bIhYmz iPSgUQ"
      >
        Currency
      </label>
      <label
        className="Switch__SwitchStyle-cIZUZy lcgmHp"
      >
        <input
          checked={false}
          className="Switch__Input-jIJATX kGoGgc"
          name="currency"
          onChange={[Function]}
          type="checkbox"
        />
        <span
          className="Switch__Slider-iwwTvI egztuK"
        />
      </label>
    </div>
    <div
      className="Settings__Setting-iSwZaF jiKDp"
    >
      <label
        className="Settings__Label-bIhYmz iPSgUQ"
      >
        Discount
      </label>
      <label
        className="Switch__SwitchStyle-cIZUZy lcgmHp"
      >
        <input
          checked={false}
          className="Switch__Input-jIJATX kGoGgc"
          name="discount"
          onChange={[Function]}
          type="checkbox"
        />
        <span
          className="Switch__Slider-iwwTvI egztuK"
        />
      </label>
    </div>
    <div
      className="Settings__Setting-iSwZaF jiKDp"
    >
      <label
        className="Settings__Label-bIhYmz iPSgUQ"
      >
        Tax
      </label>
      <label
        className="Switch__SwitchStyle-cIZUZy lcgmHp"
      >
        <input
          checked={false}
          className="Switch__Input-jIJATX kGoGgc"
          name="tax"
          onChange={[Function]}
          type="checkbox"
        />
        <span
          className="Switch__Slider-iwwTvI egztuK"
        />
      </label>
    </div>
    <div
      className="Settings__Setting-iSwZaF jiKDp"
    >
      <label
        className="Settings__Label-bIhYmz iPSgUQ"
      >
        Note
      </label>
      <label
        className="Switch__SwitchStyle-cIZUZy lcgmHp"
      >
        <input
          checked={false}
          className="Switch__Input-jIJATX kGoGgc"
          name="note"
          onChange={[Function]}
          type="checkbox"
        />
        <span
          className="Switch__Slider-iwwTvI egztuK"
        />
      </label>
    </div>
  </div>
</div>
`;
